// Jest Snapshot v1, https://goo.gl/fbAQLP

exports[`NetworkTableContainer renders without crashing 1`] = `
<NetworkProvider
  autoHighlightChange={false}
  data={null}
  fetchOptions={
    Object {
      "withCredentials": true,
    }
  }
  file={null}
  initialState={
    Immutable.Map {
      "errorFilter": false,
      "search": Object {
        "name": "url",
        "value": "",
      },
      "error": null,
      "scrollToIndex": null,
      "data": Immutable.List [],
      "selectedReqIndex": null,
      "reqDetail": null,
      "showReqDetail": false,
      "totalNetworkTime": null,
      "actualData": Immutable.List [],
      "filter": Object {
        "name": null,
        "value": null,
      },
      "dataSummary": Immutable.Map {},
      "loading": false,
      "sort": Object {
        "isAcs": true,
        "key": "startedDateTime",
      },
    }
  }
  onDataError={null}
  onDataLoaded={null}
  scrollRequestPosition="near"
  scrollTimeStamp={null}
>
  <NetworkTableContainer
    onRequestSelect={[Function]}
  >
    <section>
      <ImportHar
        className={null}
        showButton={false}
      >
        <div
          onBlur={[Function]}
          onClick={[Function]}
          onDragEnter={[Function]}
          onDragLeave={[Function]}
          onDragOver={[Function]}
          onDrop={[Function]}
          onFocus={[Function]}
          onKeyDown={[Function]}
          tabIndex={0}
        >
          <input
            accept=".har"
            autoComplete="off"
            multiple={false}
            onChange={[Function]}
            onClick={[Function]}
            style={
              Object {
                "display": "none",
              }
            }
            tabIndex={-1}
            type="file"
          />
          <p>
            Drag and drop HAR file here, or click to select file
          </p>
        </div>
      </ImportHar>
      <InputHAR>
        <div>
          <h4>
            OR add HAR file URL in the below input box
          </h4>
          <URLInput
            onSubmit={[Function]}
          >
            <div>
              <CORSCheckbox
                isEnabled={false}
                onChange={[Function]}
              >
                <Checkbox
                  containerClassName=""
                  isChecked={false}
                  onChange={[Function]}
                  title="CORS Enable"
                >
                  <div
                    className="checkbox-container"
                  >
                    <label
                      title="CORS Enable"
                    >
                      <input
                        checked={false}
                        onChange={[Function]}
                        type="checkbox"
                      />
                      CORS
                    </label>
                  </div>
                </Checkbox>
              </CORSCheckbox>
              <input
                onChange={[Function]}
                placeholder="HAR file URL"
                type="text"
                value=""
              />
              <Button
                className={null}
                disabled={false}
                href={null}
                onClick={[Function]}
                type="button"
                variant="default"
              >
                <button
                  className="btn"
                  disabled={false}
                  href={null}
                  onClick={[Function]}
                  type="button"
                >
                  GO
                </button>
              </Button>
            </div>
          </URLInput>
          <p>
            <span>
              For Example use this har file
            </span>
            <a
              href="https://raw.githubusercontent.com/saucelabs/network-viewer/main/examples/src/data/network.har"
              rel="noopener noreferrer"
              target="_blank"
            >
              https://raw.githubusercontent.com/saucelabs/network-viewer/main/examples/src/data/network.har
            </a>
          </p>
        </div>
      </InputHAR>
    </section>
  </NetworkTableContainer>
</NetworkProvider>
`;
