// Jest Snapshot v1, https://goo.gl/fbAQLP

exports[`NetworkProvider renders without crashing 1`] = `
<ContextProvider
  autoHighlightChange={false}
  data={null}
  fetchOptions={
    Object {
      "withCredentials": true,
    }
  }
  file={null}
  initialState={
    Immutable.Map {
      "search": Object {
        "name": "URL",
        "value": "",
      },
      "error": null,
      "statusFilter": Object {
        "name": "-",
        "value": null,
      },
      "scrollToIndex": null,
      "data": Immutable.List [],
      "selectedReqIndex": null,
      "reqDetail": null,
      "showReqDetail": false,
      "typeFilter": Object {
        "name": null,
        "value": null,
      },
      "rawData": null,
      "totalNetworkTime": null,
      "actualData": Immutable.List [],
      "dataSummary": Immutable.Map {},
      "loading": false,
      "sort": Object {
        "isAcs": true,
        "key": "startedDateTime",
      },
    }
  }
  onDataError={null}
  onDataLoaded={null}
  onPause={null}
  onReset={null}
  onResume={null}
  scrollRequestPosition="near"
  scrollTimeStamp={null}
  value={
    Array [
      Immutable.Map {
        "search": Object {
          "name": "URL",
          "value": "",
        },
        "error": null,
        "statusFilter": Object {
          "name": "-",
          "value": null,
        },
        "scrollToIndex": null,
        "data": Immutable.List [],
        "selectedReqIndex": null,
        "reqDetail": null,
        "showReqDetail": false,
        "typeFilter": Object {
          "name": null,
          "value": null,
        },
        "rawData": null,
        "totalNetworkTime": null,
        "actualData": Immutable.List [],
        "dataSummary": Immutable.Map {},
        "loading": false,
        "sort": Object {
          "isAcs": true,
          "key": "startedDateTime",
        },
      },
      [Function],
      Object {
        "onPause": null,
        "onReset": null,
        "onResume": null,
      },
    ]
  }
>
  <div />
</ContextProvider>
`;
