// Jest Snapshot v1, https://goo.gl/fbAQLP

exports[`renders without crashing 1`] = `
<section
  className="network-viewer"
>
  <ThemeProvider
    options={null}
  >
    <NetworkProvider
      autoHighlightChange={false}
      data={null}
      fetchOptions={
        Object {
          "withCredentials": true,
        }
      }
      file={null}
      initialState={
        Immutable.Map {
          "search": Object {
            "name": "URL",
            "value": "",
          },
          "error": null,
          "statusFilter": Object {
            "name": "-",
            "value": null,
          },
          "scrollToIndex": null,
          "data": Immutable.List [],
          "selectedReqIndex": null,
          "reqDetail": null,
          "showReqDetail": false,
          "typeFilter": Object {
            "name": null,
            "value": null,
          },
          "rawData": null,
          "totalNetworkTime": null,
          "actualData": Immutable.List [],
          "dataSummary": Immutable.Map {},
          "loading": false,
          "sort": Object {
            "isAcs": true,
            "key": "startedDateTime",
          },
        }
      }
      onDataError={null}
      onDataLoaded={null}
      onPause={null}
      onReset={null}
      onResume={null}
      scrollRequestPosition="near"
      scrollTimeStamp={null}
    >
      <MainContainer
        onRequestSelect={[Function]}
      />
    </NetworkProvider>
  </ThemeProvider>
</section>
`;
