// Jest Snapshot v1, https://goo.gl/fbAQLP

exports[`FormData renders without crashing 1`] = `
<div>
  <p
    key="foo-0"
  >
    <span>
      foo:
    </span>
    <span>
      bar
    </span>
  </p>
</div>
`;
