// Jest Snapshot v1, https://goo.gl/fbAQLP

exports[`QueryString renders without crashing 1`] = `
<div>
  <div
    key="foo-0"
  >
    <span>
      foo:
    </span>
    <span>
      bar
    </span>
  </div>
</div>
`;
