// Jest Snapshot v1, https://goo.gl/fbAQLP

exports[`RequestPayload renders without crashing 1`] = `
<div>
  <div>
    <div>
      <CopyAllButton
        text="{ 'name': 'foo' }"
      />
    </div>
    <div>
      { 'name': 'foo' }
    </div>
  </div>
</div>
`;
