// Jest Snapshot v1, https://goo.gl/fbAQLP

exports[`Search renders without crashing 1`] = `
<NetworkProvider
  autoHighlightChange={false}
  data={null}
  fetchOptions={
    Object {
      "withCredentials": true,
    }
  }
  file={null}
  initialState={
    Immutable.Map {
      "search": Object {
        "name": "URL",
        "value": "",
      },
      "error": null,
      "statusFilter": Object {
        "name": "All",
        "value": null,
      },
      "scrollToIndex": null,
      "data": Immutable.List [],
      "tableHeaderWidth": "100%",
      "selectedReqIndex": null,
      "reqDetail": null,
      "showReqDetail": false,
      "typeFilter": Object {
        "name": null,
        "value": null,
      },
      "rawData": Object {
        "log": Object {
          "creator": Object {
            "name": "",
            "version": "",
          },
          "entries": Array [],
          "pages": Array [],
          "version": "",
        },
      },
      "totalNetworkTime": null,
      "actualData": Immutable.List [],
      "dataSummary": Immutable.Map {},
      "loading": false,
      "sort": Object {
        "isAsc": true,
        "key": "startedDateTime",
      },
    }
  }
  onDataError={null}
  onDataLoaded={null}
  onPause={null}
  onRequestSelect={null}
  onReset={null}
  onResume={null}
  scrollRequestPosition="near"
  scrollTimeStamp={null}
>
  <Search
    name="url"
    onChange={[Function]}
    value="test"
  >
    <input
      name="search"
      onChange={[Function]}
      placeholder="Search by URL"
      type="text"
      value="test"
    />
  </Search>
</NetworkProvider>
`;
